---
source: crates/panache-parser/tests/golden_parser_cases.rs
expression: cst_output
---
DOCUMENT@0..39
  DEFINITION_LIST@0..39
    DEFINITION_ITEM@0..39
      TERM@0..5
        TEXT@0..4 "Term"
        NEWLINE@4..5 "\n"
      BLANK_LINE@5..6
        BLANK_LINE@5..6 "\n"
      DEFINITION@6..39
        DEFINITION_MARKER@6..7 ":"
        WHITESPACE@7..10 "   "
        PLAIN@10..15
          TEXT@10..14 "text"
          NEWLINE@14..15 "\n"
        BLANK_LINE@15..16
          BLANK_LINE@15..16 "\n"
        HTML_BLOCK_DIV@16..39
          HTML_BLOCK_TAG@16..33
            LINE_PREFIX@16..20 "    "
            TEXT@20..24 "<div"
            WHITESPACE@24..25 " "
            HTML_ATTRS@25..31
              TEXT@25..29 "id=\""
              ATTR_ID@29..30 "d"
              TEXT@30..31 "\""
            TEXT@31..32 ">"
            NEWLINE@32..33 "\n"
          PARAGRAPH@33..39
            LINE_PREFIX@33..37 "    "
            TEXT@37..38 "x"
            NEWLINE@38..39 "\n"
