---
source: crates/panache-parser/tests/golden_parser_cases.rs
expression: cst_output
---
DOCUMENT@0..380
  HEADING@0..57
    ATX_HEADING_MARKER@0..3
      ATX_HEADING_MARKER@0..3 "###"
    WHITESPACE@3..4 " "
    HEADING_CONTENT@4..46
      TEXT@4..46 "河邊道路：不規 ..."
    WHITESPACE@46..47 " "
    ATTRIBUTE@47..56
      TEXT@47..48 "{"
      ATTR_ID@48..53 "#hbdl"
      WHITESPACE@53..54 " "
      ATTR_UNNUMBERED@54..55 "-"
      TEXT@55..56 "}"
    NEWLINE@56..57 "\n"
  BLANK_LINE@57..58
    BLANK_LINE@57..58 "\n"
  HEADING@58..81
    ATX_HEADING_MARKER@58..61
      ATX_HEADING_MARKER@58..61 "###"
    WHITESPACE@61..62 " "
    HEADING_CONTENT@62..76
      TEXT@62..76 "Bare shorthand"
    WHITESPACE@76..77 " "
    ATTRIBUTE@77..80
      TEXT@77..78 "{"
      ATTR_UNNUMBERED@78..79 "-"
      TEXT@79..80 "}"
    NEWLINE@80..81 "\n"
  BLANK_LINE@81..82
    BLANK_LINE@81..82 "\n"
  HEADING@82..120
    ATX_HEADING_MARKER@82..85
      ATX_HEADING_MARKER@82..85 "###"
    WHITESPACE@85..86 " "
    HEADING_CONTENT@86..110
      TEXT@86..110 "Shorthand before a class"
    WHITESPACE@110..111 " "
    ATTRIBUTE@111..119
      TEXT@111..112 "{"
      ATTR_UNNUMBERED@112..113 "-"
      WHITESPACE@113..114 " "
      ATTR_CLASS@114..118 ".foo"
      TEXT@118..119 "}"
    NEWLINE@119..120 "\n"
  BLANK_LINE@120..121
    BLANK_LINE@120..121 "\n"
  HEADING@121..159
    ATX_HEADING_MARKER@121..124
      ATX_HEADING_MARKER@121..124 "###"
    WHITESPACE@124..125 " "
    HEADING_CONTENT@125..148
      TEXT@125..148 "Shorthand among classes"
    WHITESPACE@148..149 " "
    ATTRIBUTE@149..158
      TEXT@149..150 "{"
      ATTR_CLASS@150..152 ".a"
      WHITESPACE@152..153 " "
      ATTR_UNNUMBERED@153..154 "-"
      WHITESPACE@154..155 " "
      ATTR_CLASS@155..157 ".b"
      TEXT@157..158 "}"
    NEWLINE@158..159 "\n"
  BLANK_LINE@159..160
    BLANK_LINE@159..160 "\n"
  HEADING@160..188
    ATX_HEADING_MARKER@160..163
      ATX_HEADING_MARKER@160..163 "###"
    WHITESPACE@163..164 " "
    HEADING_CONTENT@164..182
      TEXT@164..182 "Repeated shorthand"
    WHITESPACE@182..183 " "
    ATTRIBUTE@183..187
      TEXT@183..184 "{"
      ATTR_UNNUMBERED@184..185 "-"
      ATTR_UNNUMBERED@185..186 "-"
      TEXT@186..187 "}"
    NEWLINE@187..188 "\n"
  BLANK_LINE@188..189
    BLANK_LINE@188..189 "\n"
  HEADING@189..237
    ATX_HEADING_MARKER@189..192
      ATX_HEADING_MARKER@189..192 "###"
    WHITESPACE@192..193 " "
    HEADING_CONTENT@193..226
      TEXT@193..226 "Hyphen inside an id i ..."
    WHITESPACE@226..227 " "
    ATTRIBUTE@227..236
      TEXT@227..228 "{"
      ATTR_ID@228..232 "#id-"
      WHITESPACE@232..233 " "
      ATTR_CLASS@233..235 ".x"
      TEXT@235..236 "}"
    NEWLINE@236..237 "\n"
  BLANK_LINE@237..238
    BLANK_LINE@237..238 "\n"
  PARAGRAPH@238..248
    BRACKETED_SPAN@238..247
      SPAN_BRACKET_OPEN@238..239 "["
      SPAN_CONTENT@239..243
        TEXT@239..243 "span"
      SPAN_BRACKET_CLOSE@243..244 "]"
      SPAN_ATTRIBUTES@244..247
        TEXT@244..245 "{"
        ATTR_UNNUMBERED@245..246 "-"
        TEXT@246..247 "}"
    NEWLINE@247..248 "\n"
  BLANK_LINE@248..249
    BLANK_LINE@248..249 "\n"
  FENCED_DIV@249..265
    DIV_FENCE_OPEN@249..257
      TEXT@249..252 ":::"
      WHITESPACE@252..253 " "
      DIV_INFO@253..256
        TEXT@253..254 "{"
        ATTR_UNNUMBERED@254..255 "-"
        TEXT@255..256 "}"
      NEWLINE@256..257 "\n"
    PARAGRAPH@257..261
      TEXT@257..260 "div"
      NEWLINE@260..261 "\n"
    DIV_FENCE_CLOSE@261..265
      TEXT@261..264 ":::"
      NEWLINE@264..265 "\n"
  BLANK_LINE@265..266
    BLANK_LINE@265..266 "\n"
  CODE_BLOCK@266..282
    CODE_FENCE_OPEN@266..273
      CODE_FENCE_MARKER@266..269 "```"
      CODE_INFO@269..272
        TEXT@269..272 "{-}"
      NEWLINE@272..273 "\n"
    CODE_CONTENT@273..278
      TEXT@273..277 "code"
      NEWLINE@277..278 "\n"
    CODE_FENCE_CLOSE@278..282
      CODE_FENCE_MARKER@278..281 "```"
      NEWLINE@281..282 "\n"
  BLANK_LINE@282..283
    BLANK_LINE@282..283 "\n"
  PARAGRAPH@283..295
    INLINE_CODE@283..294
      INLINE_CODE_MARKER@283..284 "`"
      INLINE_CODE_CONTENT@284..290 "inline"
      INLINE_CODE_MARKER@290..291 "`"
      ATTRIBUTE@291..294
        TEXT@291..292 "{"
        ATTR_UNNUMBERED@292..293 "-"
        TEXT@293..294 "}"
    NEWLINE@294..295 "\n"
  BLANK_LINE@295..296
    BLANK_LINE@295..296 "\n"
  HEADING@296..338
    ATX_HEADING_MARKER@296..298
      ATX_HEADING_MARKER@296..298 "##"
    WHITESPACE@298..299 " "
    HEADING_CONTENT@299..337
      TEXT@299..337 "Not attributes: a CLI ..."
    NEWLINE@337..338 "\n"
  BLANK_LINE@338..339
    BLANK_LINE@338..339 "\n"
  HEADING@339..380
    ATX_HEADING_MARKER@339..341
      ATX_HEADING_MARKER@339..341 "##"
    WHITESPACE@341..342 " "
    HEADING_CONTENT@342..379
      TEXT@342..379 "Not attributes: a raw ..."
    NEWLINE@379..380 "\n"
