---
source: crates/panache-parser/tests/golden_parser_cases.rs
expression: cst_output
---
DOCUMENT@0..32
  LIST@0..18
    LIST_ITEM@0..18
      LIST_MARKER@0..1 "-"
      WHITESPACE@1..2 " "
      PLAIN@2..18
        TEXT@2..4 "a "
        INLINE_CODE@4..17
          INLINE_CODE_MARKER@4..7 "```"
          INLINE_CODE_CONTENT@7..8 "\n"
          LINE_PREFIX@8..10 "  "
          INLINE_CODE_CONTENT@10..12 "c\n"
          LINE_PREFIX@12..14 "  "
          INLINE_CODE_MARKER@14..17 "```"
        NEWLINE@17..18 "\n"
  BLANK_LINE@18..19
    BLANK_LINE@18..19 "\n"
  PARAGRAPH@19..32
    TEXT@19..21 "b "
    INLINE_CODE@21..31
      INLINE_CODE_MARKER@21..24 "```"
      INLINE_CODE_CONTENT@24..28 "r\nc\n"
      INLINE_CODE_MARKER@28..31 "```"
    NEWLINE@31..32 "\n"
