---
source: crates/panache-parser/tests/golden_parser_cases.rs
expression: cst_output
---
DOCUMENT@0..26
  LIST@0..26
    LIST_ITEM@0..26
      LIST_MARKER@0..1 "-"
      WHITESPACE@1..2 " "
      BLOCK_QUOTE@2..26
        BLOCK_QUOTE_MARKER@2..3 ">"
        WHITESPACE@3..4 " "
        DEFINITION_LIST@4..26
          DEFINITION_ITEM@4..26
            TERM@4..9
              TEXT@4..8 "Term"
              NEWLINE@8..9 "\n"
            WHITESPACE@9..11 "  "
            BLOCK_QUOTE_MARKER@11..12 ">"
            WHITESPACE@12..13 " "
            DEFINITION@13..26
              DEFINITION_MARKER@13..14 ":"
              WHITESPACE@14..15 " "
              PLAIN@15..26
                TEXT@15..25 "Definition"
                NEWLINE@25..26 "\n"
