---
source: crates/panache-parser/tests/golden_parser_cases.rs
expression: cst_output
---
DOCUMENT@0..62
  HTML_BLOCK@0..37
    HTML_BLOCK_TAG@0..5
      TEXT@0..4 "<div"
      NEWLINE@4..5 "\n"
    HTML_BLOCK_CONTENT@5..37
      TEXT@5..17 "  id=\"outer\""
      NEWLINE@17..18 "\n"
      TEXT@18..36 "  a&#38;b=\"value\">"
      NEWLINE@36..37 "\n"
  BLANK_LINE@37..38
    BLANK_LINE@37..38 "\n"
  PARAGRAPH@38..54
    EMPHASIS@38..53
      EMPHASIS_MARKER@38..39 "*"
      TEXT@39..52 "keep  spacing"
      EMPHASIS_MARKER@52..53 "*"
    NEWLINE@53..54 "\n"
  BLANK_LINE@54..55
    BLANK_LINE@54..55 "\n"
  HTML_BLOCK@55..62
    HTML_BLOCK_TAG@55..62
      TEXT@55..61 "</div>"
      NEWLINE@61..62 "\n"
