---
source: crates/panache-parser/tests/golden_parser_cases.rs
expression: cst_output
---
DOCUMENT@0..16
  LIST@0..16
    LIST_ITEM@0..16
      LIST_MARKER@0..1 "-"
      WHITESPACE@1..2 " "
      PLAIN@2..4
        TEXT@2..3 "x"
        NEWLINE@3..4 "\n"
      BLANK_LINE@4..5
        BLANK_LINE@4..5 "\n"
      LINE_BLOCK@5..16
        LINE_BLOCK_LINE@5..11
          LINE_PREFIX@5..7 "  "
          LINE_BLOCK_MARKER@7..9 "| "
          TEXT@9..10 "a"
          NEWLINE@10..11 "\n"
        LINE_BLOCK_LINE@11..16
          LINE_PREFIX@11..12 " "
          TEXT@12..15 "b |"
          NEWLINE@15..16 "\n"
