---
source: crates/panache-parser/tests/golden_parser_cases.rs
assertion_line: 99
expression: cst_output
---
DOCUMENT@0..23
  LIST@0..23
    LIST_ITEM@0..23
      LIST_MARKER@0..1 "-"
      WHITESPACE@1..2 " "
      PLAIN@2..23
        TEXT@2..3 "a"
        NEWLINE@3..4 "\n"
        TEXT@4..7 "   "
        INLINE_CODE@7..22
          INLINE_CODE_MARKER@7..10 "```"
          INLINE_CODE_CONTENT@10..19 "\n   c\n   "
          INLINE_CODE_MARKER@19..22 "```"
        NEWLINE@22..23 "\n"
