---
source: crates/panache-parser/tests/golden_parser_cases.rs
expression: cst_output
---
DOCUMENT@0..17
  LIST@0..17
    LIST_ITEM@0..17
      LIST_MARKER@0..1 "-"
      WHITESPACE@1..2 " "
      PLAIN@2..8
        TEXT@2..3 "a"
        NEWLINE@3..4 "\n"
        LINE_PREFIX@4..6 "  "
        TEXT@6..7 "b"
        NEWLINE@7..8 "\n"
      BLANK_LINE@8..9
        BLANK_LINE@8..9 "\n"
      PLAIN@9..17
        TEXT@9..16 "  : def"
        NEWLINE@16..17 "\n"
