---
source: crates/panache-parser/tests/golden_parser_cases.rs
expression: cst_output
---
DOCUMENT@0..78
  PARAGRAPH@0..16
    TEXT@0..1 "a"
    FOOTNOTE_REFERENCE@1..5
      FOOTNOTE_LABEL_START@1..3 "[^"
      FOOTNOTE_LABEL_ID@3..4 "1"
      FOOTNOTE_LABEL_END@4..5 "]"
    TEXT@5..6 " "
    FOOTNOTE_REFERENCE@6..10
      FOOTNOTE_LABEL_START@6..8 "[^"
      FOOTNOTE_LABEL_ID@8..9 "2"
      FOOTNOTE_LABEL_END@9..10 "]"
    TEXT@10..11 " "
    FOOTNOTE_REFERENCE@11..15
      FOOTNOTE_LABEL_START@11..13 "[^"
      FOOTNOTE_LABEL_ID@13..14 "3"
      FOOTNOTE_LABEL_END@14..15 "]"
    NEWLINE@15..16 "\n"
  BLANK_LINE@16..17
    BLANK_LINE@16..17 "\n"
  FOOTNOTE_DEFINITION@17..33
    FOOTNOTE_LABEL_START@17..19 "[^"
    FOOTNOTE_LABEL_ID@19..20 "1"
    FOOTNOTE_LABEL_END@20..21 "]"
    FOOTNOTE_LABEL_COLON@21..22 ":"
    WHITESPACE@22..23 " "
    PARAGRAPH@23..33
      TEXT@23..24 "d"
      NEWLINE@24..25 "\n"
      LINE_PREFIX@25..26 "\t"
      INLINE_CODE@26..32
        INLINE_CODE_MARKER@26..27 "`"
        INLINE_CODE_CONTENT@27..29 "x\n"
        LINE_PREFIX@29..30 "\t"
        INLINE_CODE_CONTENT@30..31 "y"
        INLINE_CODE_MARKER@31..32 "`"
      NEWLINE@32..33 "\n"
  BLANK_LINE@33..34
    BLANK_LINE@33..34 "\n"
  FOOTNOTE_DEFINITION@34..57
    FOOTNOTE_LABEL_START@34..36 "[^"
    FOOTNOTE_LABEL_ID@36..37 "2"
    FOOTNOTE_LABEL_END@37..38 "]"
    FOOTNOTE_LABEL_COLON@38..39 ":"
    WHITESPACE@39..40 " "
    PARAGRAPH@40..57
      TEXT@40..41 "d"
      NEWLINE@41..42 "\n"
      LINE_PREFIX@42..46 "    "
      INLINE_CODE@46..56
        INLINE_CODE_MARKER@46..47 "`"
        INLINE_CODE_CONTENT@47..49 "x\n"
        LINE_PREFIX@49..53 "    "
        INLINE_CODE_CONTENT@53..55 "\ty"
        INLINE_CODE_MARKER@55..56 "`"
      NEWLINE@56..57 "\n"
  BLANK_LINE@57..58
    BLANK_LINE@57..58 "\n"
  FOOTNOTE_DEFINITION@58..78
    FOOTNOTE_LABEL_START@58..60 "[^"
    FOOTNOTE_LABEL_ID@60..61 "3"
    FOOTNOTE_LABEL_END@61..62 "]"
    FOOTNOTE_LABEL_COLON@62..63 ":"
    WHITESPACE@63..64 " "
    PARAGRAPH@64..78
      TEXT@64..65 "d"
      NEWLINE@65..66 "\n"
      LINE_PREFIX@66..69 "  \t"
      INLINE_CODE@69..77
        INLINE_CODE_MARKER@69..70 "`"
        INLINE_CODE_CONTENT@70..72 "x\n"
        LINE_PREFIX@72..75 "  \t"
        INLINE_CODE_CONTENT@75..76 "y"
        INLINE_CODE_MARKER@76..77 "`"
      NEWLINE@77..78 "\n"
