---
source: crates/panache-parser/tests/golden_parser_cases.rs
expression: cst_output
---
DOCUMENT@0..30
  BLOCK_QUOTE@0..30
    BLOCK_QUOTE_MARKER@0..1 ">"
    WHITESPACE@1..2 " "
    HTML_BLOCK_DIV@2..30
      HTML_BLOCK_TAG@2..14
        TEXT@2..6 "<div"
        WHITESPACE@6..7 " "
        HTML_ATTRS@7..13
          TEXT@7..11 "id=\""
          ATTR_ID@11..12 "x"
          TEXT@12..13 "\""
        TEXT@13..14 ">"
      PLAIN@14..23
        TEXT@14..17 "foo"
        NEWLINE@17..18 "\n"
        LINE_PREFIX@18..19 ">"
        LINE_PREFIX@19..20 " "
        TEXT@20..23 "bar"
      HTML_BLOCK_TAG@23..30
        TEXT@23..29 "</div>"
        NEWLINE@29..30 "\n"
