---
source: crates/panache-parser/tests/golden_parser_cases.rs
expression: cst_output
---
DOCUMENT@0..915
  HEADING@0..31
    ATX_HEADING_MARKER@0..1
      ATX_HEADING_MARKER@0..1 "#"
    WHITESPACE@1..2 " "
    HEADING_CONTENT@2..30
      TEXT@2..30 "Bare citation notAfte ..."
    NEWLINE@30..31 "\n"
  BLANK_LINE@31..32
    BLANK_LINE@31..32 "\n"
  PARAGRAPH@32..169
    TEXT@32..39 "A bare "
    INLINE_CODE@39..45
      INLINE_CODE_MARKER@39..40 "`"
      INLINE_CODE_CONTENT@40..44 "@key"
      INLINE_CODE_MARKER@44..45 "`"
    TEXT@45..104 " glued to a preceding ..."
    NEWLINE@104..105 "\n"
    TEXT@105..133 "citation, matching pa ..."
    INLINE_CODE@133..149
      INLINE_CODE_MARKER@133..134 "`"
      INLINE_CODE_CONTENT@134..148 "notAfterString"
      INLINE_CODE_MARKER@148..149 "`"
    TEXT@149..168 " rule (issue #448)."
    NEWLINE@168..169 "\n"
  BLANK_LINE@169..170
    BLANK_LINE@169..170 "\n"
  PARAGRAPH@170..192
    TEXT@170..191 "違法編訂@jzkhl。"
    NEWLINE@191..192 "\n"
  BLANK_LINE@192..193
    BLANK_LINE@192..193 "\n"
  PARAGRAPH@193..246
    TEXT@193..245 "An email such as user ..."
    NEWLINE@245..246 "\n"
  BLANK_LINE@246..247
    BLANK_LINE@246..247 "\n"
  PARAGRAPH@247..339
    TEXT@247..322 "A digit before it, li ..."
    NEWLINE@322..323 "\n"
    TEXT@323..338 "in x.@key here."
    NEWLINE@338..339 "\n"
  BLANK_LINE@339..340
    BLANK_LINE@339..340 "\n"
  PARAGRAPH@340..414
    TEXT@340..393 "But non-word punctuat ..."
    CITATION@393..397
      CITATION_MARKER@393..394 "@"
      CITATION_KEY@394..397 "key"
    TEXT@397..403 " and _"
    CITATION@403..407
      CITATION_MARKER@403..404 "@"
      CITATION_KEY@404..407 "key"
    TEXT@407..413 " here."
    NEWLINE@413..414 "\n"
  BLANK_LINE@414..415
    BLANK_LINE@414..415 "\n"
  PARAGRAPH@415..528
    TEXT@415..470 "The suppress-author f ..."
    CITATION@470..475
      CITATION_MARKER@470..472 "-@"
      CITATION_KEY@472..475 "key"
    TEXT@475..485 " remains a"
    NEWLINE@485..486 "\n"
    TEXT@486..507 "citation because its "
    INLINE_CODE@507..510
      INLINE_CODE_MARKER@507..508 "`"
      INLINE_CODE_CONTENT@508..509 "@"
      INLINE_CODE_MARKER@509..510 "`"
    TEXT@510..523 " follows the "
    INLINE_CODE@523..526
      INLINE_CODE_MARKER@523..524 "`"
      INLINE_CODE_CONTENT@524..525 "-"
      INLINE_CODE_MARKER@525..526 "`"
    TEXT@526..527 "."
    NEWLINE@527..528 "\n"
  BLANK_LINE@528..529
    BLANK_LINE@528..529 "\n"
  PARAGRAPH@529..600
    TEXT@529..580 "A space before it is  ..."
    CITATION@580..586
      CITATION_MARKER@580..581 "@"
      CITATION_KEY@581..586 "doe99"
    TEXT@586..599 " for details."
    NEWLINE@599..600 "\n"
  BLANK_LINE@600..601
    BLANK_LINE@600..601 "\n"
  PARAGRAPH@601..827
    TEXT@601..679 "A bare key glued to a ..."
    NEWLINE@679..680 "\n"
    EMPHASIS@680..684
      EMPHASIS_MARKER@680..681 "*"
      TEXT@681..683 "em"
      EMPHASIS_MARKER@683..684 "*"
    TEXT@684..693 "@key and "
    STRONG@693..703
      STRONG_MARKER@693..695 "**"
      TEXT@695..701 "strong"
      STRONG_MARKER@701..703 "**"
    TEXT@703..725 "@key are literal, but "
    EMPHASIS@725..731
      EMPHASIS_MARKER@725..726 "*"
      CITATION@726..730
        CITATION_MARKER@726..727 "@"
        CITATION_KEY@727..730 "key"
      EMPHASIS_MARKER@730..731 "*"
    TEXT@731..757 " keeps the citation i ..."
    NEWLINE@757..758 "\n"
    TEXT@758..775 "the emphasis and "
    EMPHASIS@775..779
      EMPHASIS_MARKER@775..776 "*"
      TEXT@776..778 "em"
      EMPHASIS_MARKER@778..779 "*"
    CITATION@779..784
      CITATION_MARKER@779..781 "-@"
      CITATION_KEY@781..784 "key"
    TEXT@784..826 " still cites via the  ..."
    NEWLINE@826..827 "\n"
  BLANK_LINE@827..828
    BLANK_LINE@827..828 "\n"
  PARAGRAPH@828..915
    TEXT@828..885 "Bracketed citations a ..."
    CITATION@885..893
      LINK_START@885..886 "["
      CITATION_MARKER@886..887 "@"
      CITATION_KEY@887..892 "doe99"
      LINK_DEST@892..893 "]"
    TEXT@893..904 " is still a"
    NEWLINE@904..905 "\n"
    TEXT@905..914 "citation."
    NEWLINE@914..915 "\n"
