---
source: crates/panache-parser/tests/golden_parser_cases.rs
expression: cst_output
---
DOCUMENT@0..15
  BLOCK_QUOTE@0..15
    BLOCK_QUOTE_MARKER@0..1 ">"
    WHITESPACE@1..2 " "
    PARAGRAPH@2..7
      TEXT@2..6 "para"
      NEWLINE@6..7 "\n"
    WHITESPACE@7..8 " "
    HEADING@8..15
      ATX_HEADING_MARKER@8..9
        ATX_HEADING_MARKER@8..9 "#"
      WHITESPACE@9..10 " "
      HEADING_CONTENT@10..14
        TEXT@10..14 "head"
      NEWLINE@14..15 "\n"
