---
source: crates/panache-parser/tests/golden_parser_cases.rs
expression: cst_output
---
DOCUMENT@0..18
  BLOCK_QUOTE@0..18
    BLOCK_QUOTE_MARKER@0..1 ">"
    WHITESPACE@1..2 " "
    PARAGRAPH@2..8
      TEXT@2..3 "a"
      NEWLINE@3..4 "\n"
      BLOCK_QUOTE_MARKER@4..5 ">"
      WHITESPACE@5..6 " "
      TEXT@6..7 "b"
      NEWLINE@7..8 "\n"
    BLOCK_QUOTE_MARKER@8..9 ">"
    BLANK_LINE@9..10
      BLANK_LINE@9..10 "\n"
    BLOCK_QUOTE_MARKER@10..11 ">"
    WHITESPACE@11..12 " "
    PARAGRAPH@12..18
      TEXT@12..17 ": def"
      NEWLINE@17..18 "\n"
